EN adder NULL C:/Users/oliverb/Desktop/VHDL/Adder/adder.vhd sub00/vhpl00 1511022916
EN top NULL C:/Users/oliverb/Desktop/VHDL/Adder/top.vhd sub00/vhpl02 1511022918
AR adder behavioral C:/Users/oliverb/Desktop/VHDL/Adder/adder.vhd sub00/vhpl01 1511022917
AR top behavioral C:/Users/oliverb/Desktop/VHDL/Adder/top.vhd sub00/vhpl03 1511022919
