AR counter behavioral C:/Users/oliverb/Desktop/VHDL/Counter/counter.vhd sub00/vhpl01 1511096935
EN divider NULL C:/Users/oliverb/Desktop/VHDL/Counter/divider.vhd sub00/vhpl04 1511096932
AR divider behavioral C:/Users/oliverb/Desktop/VHDL/Counter/divider.vhd sub00/vhpl05 1511096933
EN top NULL C:/Users/oliverb/Desktop/VHDL/Counter/top.vhd sub00/vhpl02 1511096936
EN counter NULL C:/Users/oliverb/Desktop/VHDL/Counter/counter.vhd sub00/vhpl00 1511096934
AR top behavioral C:/Users/oliverb/Desktop/VHDL/Counter/top.vhd sub00/vhpl03 1511096937
