V3 11
FL C:/Users/oliverb/Desktop/VHDL/Counter/counter.vhd 2017/11/19.13:36:05 O.61xd
EN work/counter 1511096934 FL C:/Users/oliverb/Desktop/VHDL/Counter/counter.vhd \
      PB ieee/std_logic_1164 1308643377 PB ieee/std_logic_arith 1308643378 \
      PB ieee/STD_LOGIC_UNSIGNED 1308643379
AR work/counter/Behavioral 1511096935 \
      FL C:/Users/oliverb/Desktop/VHDL/Counter/counter.vhd EN work/counter 1511096934
FL C:/Users/oliverb/Desktop/VHDL/Counter/divider.vhd 2017/11/19.14:08:48 O.61xd
EN work/divider 1511096932 FL C:/Users/oliverb/Desktop/VHDL/Counter/divider.vhd \
      PB ieee/std_logic_1164 1308643377 PB ieee/std_logic_arith 1308643378 \
      PB ieee/STD_LOGIC_UNSIGNED 1308643379
AR work/divider/Behavioral 1511096933 \
      FL C:/Users/oliverb/Desktop/VHDL/Counter/divider.vhd EN work/divider 1511096932
FL C:/Users/oliverb/Desktop/VHDL/Counter/top.vhd 2017/11/19.14:05:12 O.61xd
EN work/top 1511096936 FL C:/Users/oliverb/Desktop/VHDL/Counter/top.vhd \
      PB ieee/std_logic_1164 1308643377
AR work/top/Behavioral 1511096937 \
      FL C:/Users/oliverb/Desktop/VHDL/Counter/top.vhd EN work/top 1511096936 \
      CP divider CP counter
