EN top NULL C:/Users/oliverb/Desktop/VHDL/alu/top.vhd sub00/vhpl02 1511030540
AR alu behavioral C:/Users/oliverb/Desktop/VHDL/alu/alu.vhd sub00/vhpl01 1511030539
AR top behavioral C:/Users/oliverb/Desktop/VHDL/alu/top.vhd sub00/vhpl03 1511030541
EN alu NULL C:/Users/oliverb/Desktop/VHDL/alu/alu.vhd sub00/vhpl00 1511030538
