EN four_bit_adder NULL C:/Users/oliverb/Desktop/VHDL/Four_bit_Adder/Four_Bit_Adder.vhd sub00/vhpl00 1511045311
EN top NULL C:/Users/oliverb/Desktop/VHDL/Four_bit_Adder/top.vhd sub00/vhpl02 1511045313
AR four_bit_adder behavioral C:/Users/oliverb/Desktop/VHDL/Four_bit_Adder/Four_Bit_Adder.vhd sub00/vhpl01 1511045312
AR top behavioral C:/Users/oliverb/Desktop/VHDL/Four_bit_Adder/top.vhd sub00/vhpl03 1511045314
