V3 7
FL C:/Users/oliverb/Desktop/VHDL/Four_bit_Adder/Four_Bit_Adder.vhd 2017/11/18.23:48:27 O.61xd
EN work/Four_Bit_Adder 1511045311 \
      FL C:/Users/oliverb/Desktop/VHDL/Four_bit_Adder/Four_Bit_Adder.vhd \
      PB ieee/std_logic_1164 1308643377 PB ieee/std_logic_arith 1308643378 \
      PB ieee/STD_LOGIC_UNSIGNED 1308643379
AR work/Four_Bit_Adder/Behavioral 1511045312 \
      FL C:/Users/oliverb/Desktop/VHDL/Four_bit_Adder/Four_Bit_Adder.vhd \
      EN work/Four_Bit_Adder 1511045311
FL C:/Users/oliverb/Desktop/VHDL/Four_bit_Adder/top.vhd 2017/11/18.23:46:10 O.61xd
EN work/top 1511045313 FL C:/Users/oliverb/Desktop/VHDL/Four_bit_Adder/top.vhd \
      PB ieee/std_logic_1164 1308643377
AR work/top/Behavioral 1511045314 \
      FL C:/Users/oliverb/Desktop/VHDL/Four_bit_Adder/top.vhd EN work/top 1511045313 \
      CP Four_Bit_Adder
